[debug] [2026-06-21T18:39:25.604Z] ----------------------------------------------------------------------
[debug] [2026-06-21T18:39:25.608Z] Command:       C:\Program Files\nodejs\node.exe C:\Users\91620\AppData\Local\npm-cache\_npx\7750544ccf494d8b\node_modules\firebase-tools\lib\bin\firebase.js deploy --project project-astro-91620
[debug] [2026-06-21T18:39:25.609Z] CLI Version:   15.22.0
[debug] [2026-06-21T18:39:25.609Z] Platform:      win32
[debug] [2026-06-21T18:39:25.609Z] Node Version:  v20.13.1
[debug] [2026-06-21T18:39:25.610Z] Detected Agent: antigravity
[debug] [2026-06-21T18:39:25.610Z] Time:          Mon Jun 22 2026 00:09:25 GMT+0530 (India Standard Time)
[debug] [2026-06-21T18:39:25.610Z] ----------------------------------------------------------------------
[debug] 
[debug] [2026-06-21T18:39:30.367Z] > command requires scopes: ["email","openid","https://www.googleapis.com/auth/cloudplatformprojects.readonly","https://www.googleapis.com/auth/firebase","https://www.googleapis.com/auth/cloud-platform"]
[debug] [2026-06-21T18:39:30.368Z] > authorizing via signed-in user (adarsh6455@gmail.com)
[debug] [2026-06-21T18:39:30.368Z] [iam] checking project project-astro-91620 for permissions ["datastore.indexes.create","datastore.indexes.delete","datastore.indexes.list","datastore.indexes.update","firebase.projects.get","firebasehosting.sites.update"]
[debug] [2026-06-21T18:39:30.371Z] Checked if tokens are valid: true, expires at: 1782070026257
[debug] [2026-06-21T18:39:30.371Z] Checked if tokens are valid: true, expires at: 1782070026257
[debug] [2026-06-21T18:39:30.373Z] >>> [apiv2][query] POST https://cloudresourcemanager.googleapis.com/v1/projects/project-astro-91620:testIamPermissions [none]
[debug] [2026-06-21T18:39:30.373Z] >>> [apiv2][(partial)header] POST https://cloudresourcemanager.googleapis.com/v1/projects/project-astro-91620:testIamPermissions  x-goog-user-project=project-astro-91620
[debug] [2026-06-21T18:39:30.373Z] >>> [apiv2][body] POST https://cloudresourcemanager.googleapis.com/v1/projects/project-astro-91620:testIamPermissions {"permissions":["datastore.indexes.create","datastore.indexes.delete","datastore.indexes.list","datastore.indexes.update","firebase.projects.get","firebasehosting.sites.update"]}
[debug] [2026-06-21T18:39:31.880Z] <<< [apiv2][status] POST https://cloudresourcemanager.googleapis.com/v1/projects/project-astro-91620:testIamPermissions 200
[debug] [2026-06-21T18:39:31.880Z] <<< [apiv2][body] POST https://cloudresourcemanager.googleapis.com/v1/projects/project-astro-91620:testIamPermissions {"permissions":["datastore.indexes.create","datastore.indexes.delete","datastore.indexes.list","datastore.indexes.update","firebase.projects.get","firebasehosting.sites.update"]}
[debug] [2026-06-21T18:39:31.881Z] Checked if tokens are valid: true, expires at: 1782070026257
[debug] [2026-06-21T18:39:31.881Z] Checked if tokens are valid: true, expires at: 1782070026257
[debug] [2026-06-21T18:39:31.882Z] >>> [apiv2][query] GET https://firebase.googleapis.com/v1beta1/projects/project-astro-91620 [none]
[debug] [2026-06-21T18:39:32.516Z] <<< [apiv2][status] GET https://firebase.googleapis.com/v1beta1/projects/project-astro-91620 200
[debug] [2026-06-21T18:39:32.516Z] <<< [apiv2][body] GET https://firebase.googleapis.com/v1beta1/projects/project-astro-91620 {"projectId":"project-astro-91620","projectNumber":"698637885070","displayName":"Project Astro","name":"projects/project-astro-91620","resources":{"hostingSite":"project-astro-91620"},"state":"ACTIVE","etag":"1_5a2db641-31fd-453d-8a8f-c42a1d089610"}
[debug] [2026-06-21T18:39:38.573Z] Checked if tokens are valid: true, expires at: 1782070026257
[debug] [2026-06-21T18:39:38.573Z] Checked if tokens are valid: true, expires at: 1782070026257
[debug] [2026-06-21T18:39:38.573Z] >>> [apiv2][query] GET https://firebasehosting.googleapis.com/v1beta1/projects/project-astro-91620/sites pageToken=&pageSize=10
[debug] [2026-06-21T18:39:39.926Z] <<< [apiv2][status] GET https://firebasehosting.googleapis.com/v1beta1/projects/project-astro-91620/sites 200
[debug] [2026-06-21T18:39:39.926Z] <<< [apiv2][body] GET https://firebasehosting.googleapis.com/v1beta1/projects/project-astro-91620/sites {"sites":[{"name":"projects/project-astro-91620/sites/project-astro-91620","defaultUrl":"https://project-astro-91620.web.app","type":"DEFAULT_SITE"}]}
[debug] [2026-06-21T18:39:39.927Z] Checked if tokens are valid: true, expires at: 1782070026257
[debug] [2026-06-21T18:39:39.927Z] Checked if tokens are valid: true, expires at: 1782070026257
[debug] [2026-06-21T18:39:39.927Z] >>> [apiv2][query] GET https://firebasehosting.googleapis.com/v1beta1/projects/project-astro-91620/sites 
[debug] [2026-06-21T18:39:40.881Z] <<< [apiv2][status] GET https://firebasehosting.googleapis.com/v1beta1/projects/project-astro-91620/sites 200
[debug] [2026-06-21T18:39:40.881Z] <<< [apiv2][body] GET https://firebasehosting.googleapis.com/v1beta1/projects/project-astro-91620/sites {"sites":[{"name":"projects/project-astro-91620/sites/project-astro-91620","defaultUrl":"https://project-astro-91620.web.app","type":"DEFAULT_SITE"}]}
[debug] [2026-06-21T18:39:40.881Z] Checked if tokens are valid: true, expires at: 1782070026257
[debug] [2026-06-21T18:39:40.881Z] Checked if tokens are valid: true, expires at: 1782070026257
[debug] [2026-06-21T18:39:40.881Z] >>> [apiv2][query] GET https://firebase.googleapis.com/v1beta1/projects/project-astro-91620/webApps/-/config [none]
[debug] [2026-06-21T18:39:42.219Z] <<< [apiv2][status] GET https://firebase.googleapis.com/v1beta1/projects/project-astro-91620/webApps/-/config 200
[debug] [2026-06-21T18:39:42.220Z] <<< [apiv2][body] GET https://firebase.googleapis.com/v1beta1/projects/project-astro-91620/webApps/-/config {"projectId":"project-astro-91620","appId":"1:698637885070:web:cf2ef774fb6b94764d33df","storageBucket":"project-astro-91620.firebasestorage.app","apiKey":"AIzaSyCmcgassrYLXPcJkOV4Z-24qMf6HIr1f8U","authDomain":"project-astro-91620.firebaseapp.com","messagingSenderId":"698637885070","projectNumber":"698637885070","version":"2"}
[info] 
   Thank you for trying our early preview of Next.js support on Firebase Hosting.
   During the preview, support is best-effort and breaking changes can be expected. Proceed with caution.
   The integration is known to work with Next.js version 12 - 16.0. You may encounter errors.

   Documentation: https://firebase.google.com/docs/hosting/frameworks/nextjs
   File a bug: https://github.com/firebase/firebase-tools/issues/new?template=bug_report.md
   Submit a feature request: https://github.com/firebase/firebase-tools/issues/new?template=feature_request.md

   We'd love to learn from you. Express your interest in helping us shape the future of Firebase Hosting: https://goo.gle/41enW5X

[debug] [2026-06-21T18:39:56.467Z] Checked if tokens are valid: true, expires at: 1782070026257
[debug] [2026-06-21T18:39:56.467Z] Checked if tokens are valid: true, expires at: 1782070026257
[debug] [2026-06-21T18:39:56.468Z] >>> [apiv2][query] GET https://firebasehosting.googleapis.com/v1beta1/projects/project-astro-91620/sites/project-astro-91620 [none]
[debug] [2026-06-21T18:39:57.638Z] <<< [apiv2][status] GET https://firebasehosting.googleapis.com/v1beta1/projects/project-astro-91620/sites/project-astro-91620 200
[debug] [2026-06-21T18:39:57.638Z] <<< [apiv2][body] GET https://firebasehosting.googleapis.com/v1beta1/projects/project-astro-91620/sites/project-astro-91620 {"name":"projects/project-astro-91620/sites/project-astro-91620","defaultUrl":"https://project-astro-91620.web.app","type":"DEFAULT_SITE"}
[info] ▲ Next.js 16.2.4 (Turbopack)

[info] 

[info]   Creating an optimized production build ...

[info] Turbopack build encountered 1 warnings:
./next.config.ts
Encountered unexpected file in NFT list
A file was traced that indicates that the whole project was traced unintentionally. Somewhere in the import trace below, there are:
- filesystem operations (like path.join, path.resolve or fs.readFile), or
- very dynamic requires (like require('./' + foo)).
To resolve this, you can
- remove them if possible, or
- only use them in development, or
- make sure they are statically scoped to some subfolder: path.join(process.cwd(), 'data', bar), or
- add ignore comments: path.join(/*turbopackIgnore: true*/ process.cwd(), bar)

Import trace:
  Server Component:
    ./next.config.ts
    ./src/lib/astrology.ts
    ./src/app/actions.ts



[info] ✓ Compiled successfully in 12.3s

[info]   Running TypeScript ...

[info]   Finished TypeScript in 11.2s ...

[info]   Collecting page data using 5 workers ...

[info]   Generating static pages using 5 workers (0/11) ...

[info] Sitemap blog error [Error [FirebaseError]: Expected first argument to collection() to be a CollectionReference, a DocumentReference or FirebaseFirestore] {
  code: 'invalid-argument',
  customData: undefined,
  toString: [Function (anonymous)]
}

[info]   Generating static pages using 5 workers (2/11) 

[info]   Generating static pages using 5 workers (5/11) 

[info]   Generating static pages using 5 workers (8/11) 

[info] ✓ Generating static pages using 5 workers (11/11) in 1659ms

[info]   Finalizing page optimization ...

[info] 

[info] Route (app)                        Revalidate  Expire
┌ ○ /
├ ○ /_not-found
├ ○ /admin
├ ○ /blog                                  1m      1y
├ ● /blog/[slug]
├ ○ /icon.svg
├ ○ /robots.txt
├ ○ /sitemap.xml
└ ● /transit/[slug]
  ├ /transit/sun-in-1st-house
  ├ /transit/jupiter-in-4th-house
  └ /transit/rahu-in-5th-house


[info] 
○  (Static)  prerendered as static content
●  (SSG)     prerendered as static HTML (uses generateStaticParams)


[info] Building a Cloud Function to run this application. This is needed due to:
[info]  • use of fallback /blog/[slug]
[info]  • use of fallback /transit/[slug]
[info]  • use of revalidate /blog
[info] 
[debug] [2026-06-21T18:40:36.015Z] skipping /blog due to revalidate
[debug] [2026-06-21T18:40:58.920Z] Checked if tokens are valid: true, expires at: 1782070026257
[debug] [2026-06-21T18:40:58.920Z] Checked if tokens are valid: true, expires at: 1782070026257
[debug] [2026-06-21T18:40:58.921Z] >>> [apiv2][query] GET https://firebasehosting.googleapis.com/v1beta1/projects/project-astro-91620/sites/project-astro-91620 [none]
[debug] [2026-06-21T18:41:00.238Z] <<< [apiv2][status] GET https://firebasehosting.googleapis.com/v1beta1/projects/project-astro-91620/sites/project-astro-91620 200
[debug] [2026-06-21T18:41:00.238Z] <<< [apiv2][body] GET https://firebasehosting.googleapis.com/v1beta1/projects/project-astro-91620/sites/project-astro-91620 {"name":"projects/project-astro-91620/sites/project-astro-91620","defaultUrl":"https://project-astro-91620.web.app","type":"DEFAULT_SITE"}
[debug] [2026-06-21T18:41:01.121Z] Error: EPERM: operation not permitted, symlink 'C:\Users\91620\OneDrive\Desktop\Antigravity\Project astro\astro-web\node_modules\sweph' -> 'C:\Users\91620\OneDrive\Desktop\Antigravity\Project astro\astro-web\.firebase\project-astro-91620\functions\.next\node_modules\sweph-a3ba62ab49c0461c'
[error] 
[error] Error: An unexpected error has occurred.
